Test file has been created on this repo
New line created for git remote demo
